// Jest Snapshot v1, https://goo.gl/fbAQLP

exports[`Footer should render Footer component 1`] = `
<DocumentFragment>
  <div
    class="footer"
  >
    <div
      class="content"
    >
      <div
        class="footer-text"
      >
        @artifact.com 2019
      </div>
    </div>
  </div>
</DocumentFragment>
`;
